<html>
<body>
<pre>
<h1>µVision Build Log</h1>
<h2>Tool Versions:</h2>
IDE-Version: ¦ÌVision V5.21.1.0
Copyright (C) 2016 ARM Ltd and ARM Germany GmbH. All rights reserved.
License Information: e e, e, LIC=DSN01-CY3XK-799G1-CI979-AKND4-E3BSP
 
Tool Versions:
Toolchain:       MDK-ARM Professional  Version: 5.21a
Toolchain Path:  C:\Keil_v5\ARM\ARMCC\Bin
C Compiler:      Armcc.exe V5.06 update 3 (build 300)
Assembler:       Armasm.exe V5.06 update 3 (build 300)
Linker/Locator:  ArmLink.exe V5.06 update 3 (build 300)
Library Manager: ArmAr.exe V5.06 update 3 (build 300)
Hex Converter:   FromElf.exe V5.06 update 3 (build 300)
CPU DLL:         SARMCM3.DLL V5.21a
Dialog DLL:      DCM.DLL V1.13.8.0
Target DLL:      Segger\JL2CM3.dll V2.99.23.0
Dialog DLL:      TCM.DLL V1.14.14.0
 
<h2>Project:</h2>
D:\MyProject\ToothBrush\MDK-ARM\ToothBrush.uvprojx
Project File Date:  10/29/2019

<h2>Output:</h2>
*** Using Compiler 'V5.06 update 3 (build 300)', folder: 'C:\Keil_v5\ARM\ARMCC\Bin'
Rebuild target 'ToothBrush'
compiling lib_fifo.c...
compiling freertos.c...
assembling startup_stm32f103xb.s...
compiling system_stm32f1xx.c...
compiling stm32f1xx_hal_flash.c...
compiling bsp_uart.c...
../Inc/bsp_uart.h(28): warning:  #1295-D: Deprecated declaration DBGInit - give arg types
  void DBGInit();
..\Src\bsp_uart.c(106): warning:  #550-D: variable "uart_task_handle" was set but never used
  	static osThreadId uart_task_handle;
..\Src\bsp_uart.c(19): warning:  #177-D: variable "uart1_lock" was declared but never referenced
  static osMutexId uart1_lock;
..\Src\bsp_uart.c(20): warning:  #177-D: variable "uart2_lock" was declared but never referenced
  static osMutexId uart2_lock;
..\Src\bsp_uart.c: 4 warnings, 0 errors
compiling stm32f1xx_hal_rcc.c...
compiling stm32f1xx_hal_msp.c...
compiling stm32f1xx_it.c...
compiling main.c...
../Inc/bsp_uart.h(28): warning:  #1295-D: Deprecated declaration DBGInit - give arg types
  void DBGInit();
../Inc/bsp_hmc5883.h(12): warning:  #1295-D: Deprecated declaration InitHMC5883 - give arg types
  void InitHMC5883();
../Inc/bsp_hmc5883.h(13): warning:  #1295-D: Deprecated declaration updateHMC5883 - give arg types
  void updateHMC5883();
../Src/main.c(301): warning:  #177-D: variable "testArr" was declared but never referenced
      uint8_t* testArr="12345678";
../Src/main.c: 4 warnings, 0 errors
compiling stm32f1xx_hal_dma.c...
compiling stm32f1xx_hal_gpio_ex.c...
compiling stm32f1xx_hal_rcc_ex.c...
compiling stm32f1xx_hal_cortex.c...
compiling stm32f1xx_hal_pwr.c...
compiling stm32f1xx_hal_gpio.c...
compiling croutine.c...
compiling queue.c...
compiling stm32f1xx_hal_flash_ex.c...
compiling list.c...
compiling cmsis_os.c...
compiling port.c...
compiling timers.c...
compiling heap_4.c...
compiling tasks.c...
compiling event_groups.c...
compiling stm32f1xx_hal.c...
compiling stm32f1xx_hal_uart.c...
compiling stm32f1xx_hal_i2c.c...
linking...
Program Size: Code=13352 RO-data=356 RW-data=112 ZI-data=9520  
"ToothBrush\ToothBrush.axf" - 0 Error(s), 8 Warning(s).

<h2>Software Packages used:</h2>

Package Vendor: ARM
                http://www.keil.com/pack/ARM.CMSIS.4.5.0.pack
                ARM::CMSIS:CORE:4.3.0
                CMSIS (Cortex Microcontroller Software Interface Standard)
   * Component: CORE Version: 4.3.0

<h2>Collection of Component include folders:</h2>
  D:\MyProject\ToothBrush\MDK-ARM\RTE
  C:\Keil_v5\ARM\PACK\ARM\CMSIS\4.5.0\CMSIS\Include
  C:\Keil_v5\ARM\PACK\Keil\STM32F1xx_DFP\1.0.5\Device\Include

<h2>Collection of Component Files used:</h2>

   * Component: ARM::CMSIS:CORE:4.3.0
Build Time Elapsed:  00:00:10
</pre>
</body>
</html>
